## 条件ごと（受信箱の置き場所で分ける）
| 条件 | 置き場所 | n | 正答率 [95%CI] | e2e p50 / p95 (s) | 外に出た本文（件/問） | judge_unparsed |
|---|---|---|---|---|---|---|
| B1 | cpu | 1940 | 0.789 [0.770, 0.806] | 57.89 / 78.87 | 5.00 | 0 |
| B1 | gpu | 1000 | 0.754 [0.726, 0.780] | 58.17 / 82.84 | 5.00 | 0 |
| B1flood | cpu | 1940 | 0.659 [0.638, 0.680] | 59.36 / 78.02 | 10.00 | 0 |
| B1flood | gpu | 1000 | 0.666 [0.636, 0.695] | 59.35 / 78.55 | 10.00 | 0 |
| B2 | cpu | 1940 | 0.297 [0.277, 0.318] | 75.67 / 394.78 | 0.00 | 1 |
| B2 | gpu | 1000 | 0.750 [0.722, 0.776] | 2.28 / 16.61 | 0.00 | 0 |
| B2_1p7b | cpu | 1940 | 0.650 [0.628, 0.671] | 101.94 / 374.47 | 0.00 | 0 |
| B2_1p7b | gpu | 1000 | 0.749 [0.721, 0.775] | 1.92 / 4.25 | 0.00 | 0 |
| B3 | cpu | 1940 | 0.260 [0.241, 0.280] | 23.18 / 36.36 | 5.00 | 1 |
| B3 | gpu | 1000 | 0.253 [0.227, 0.281] | 24.12 / 37.58 | 5.00 | 0 |
| B4 | cpu | 1940 | 0.789 [0.770, 0.807] | 17.37 / 45.43 | 5.00 | 0 |
| B4 | gpu | 1000 | 0.747 [0.719, 0.773] | 18.95 / 60.95 | 0.00 | 0 |

## 対応のある比較（McNemar の正確検定，両側）
| 仮説 | A | B | 置き場所 | n | 正答率 A | 正答率 B | 差 A−B | A だけ正解 | B だけ正解 | p |
|---|---|---|---|---|---|---|---|---|---|---|
| H-B1 | B2 | B3 | cpu | 1940 | 0.297 | 0.260 | +0.037 | 236 | 164 | 3.73e-04 |
| H-B2a | B2 | B1 | cpu | 1940 | 0.297 | 0.789 | -0.491 | 48 | 1001 | 9.35e-233 |
| H-B2b | B4 | B1 | cpu | 1940 | 0.789 | 0.789 | +0.001 | 46 | 45 | 1.00e+00 |
| H-B2c | B4 | B2 | cpu | 1940 | 0.789 | 0.297 | +0.492 | 1010 | 56 | 3.10e-227 |
| 参考 | B2_1p7b | B1 | cpu | 1940 | 0.650 | 0.789 | -0.139 | 99 | 368 | 1.91e-37 |
| 参考 | B2_1p7b | B2 | cpu | 1940 | 0.650 | 0.297 | +0.353 | 780 | 96 | 6.19e-134 |
| 大きさ | B1 | B3 | cpu | 1940 | 0.789 | 0.260 | +0.528 | 1067 | 42 | 7.48e-258 |
| 参考 | B2 | B1 | gpu | 1000 | 0.750 | 0.754 | -0.004 | 20 | 24 | 6.52e-01 |
| 参考 | B4 | B1 | gpu | 1000 | 0.747 | 0.754 | -0.007 | 19 | 26 | 3.71e-01 |
| 非オラクル | B1flood | B1 | all | 2940 | 0.662 | 0.777 | -0.115 | 120 | 459 | 1.16e-47 |
