## 回ごと（全 300 問．B2・B2' は CPU の受信箱に限った値も）
| 条件 | 回 | 置き場所 | n | 失敗率 | e2e p50 / p95 (s) | generate p50 / p95 (s) | 集計に使う |
|---|---|---|---|---|---|---|---|
| B1 | 1 | all | 300 | 0.000 | 5.67 / 8.59 | 5.66 / 8.59 | はい |
| B1 | 2 | all | 300 | 0.000 | 5.70 / 8.64 | 5.69 / 8.63 | はい |
| B1 | 3 | - | - | - | 未実行 | - | - |
| B1 flood_score | 1 | - | - | - | 未実行 | - | - |
| B1 flood_score | 2 | - | - | - | 未実行 | - | - |
| B1 flood_score | 3 | - | - | - | 未実行 | - | - |
| B2 | 1 | all | 300 | 0.000 | 18.79 / 44.60 | 18.79 / 44.60 | はい |
| B2 | 1 | cpu | 200 | 0.000 | 23.73 / 50.05 | 23.73 / 50.05 | はい |
| B2 | 2 | all | 300 | 0.000 | 18.82 / 44.62 | 18.82 / 44.62 | はい |
| B2 | 2 | cpu | 200 | 0.000 | 23.73 / 50.15 | 23.73 / 50.15 | はい |
| B2 | 3 | all | 300 | 0.000 | 18.82 / 44.53 | 18.82 / 44.53 | はい |
| B2 | 3 | cpu | 200 | 0.000 | 23.76 / 50.12 | 23.76 / 50.12 | はい |
| B2' | 1 | - | - | - | 未実行 | - | - |
| B2' | 2 | - | - | - | 未実行 | - | - |
| B2' | 3 | - | - | - | 未実行 | - | - |
| B3 | 1 | all | 300 | 0.000 | 2.49 / 3.54 | 2.48 / 3.53 | はい |
| B3 | 2 | all | 300 | 0.000 | 2.44 / 3.51 | 2.43 / 3.50 | はい |
| B3 | 3 | all | 300 | 0.000 | 2.51 / 3.90 | 2.51 / 3.90 | はい |
| B4 | 1 | all | 300 | 0.000 | 1.72 / 3.72 | 1.72 / 3.72 | はい |
| B4 | 2 | all | 300 | 0.000 | 1.72 / 3.72 | 1.72 / 3.72 | はい |
| B4 | 3 | all | 300 | 0.000 | 1.72 / 3.73 | 1.72 / 3.73 | はい |

## 条件ごと（有効な回の中央値 [最小〜最大]）
| 条件 | 置き場所 | 有効な回 | e2e p50 | e2e p95 | generate p50 | generate p95 |
|---|---|---|---|---|---|---|
| B1 | all | 2 | 5.69 [5.67〜5.70] | 8.61 [8.59〜8.64] | 5.68 [5.66〜5.69] | 8.61 [8.59〜8.63] |
| B1 flood_score | all | 0 | - | - | - | - |
| B2 | all | 3 | 18.82 [18.79〜18.82] | 44.60 [44.53〜44.62] | 18.82 [18.79〜18.82] | 44.60 [44.53〜44.62] |
| B2 | cpu | 3 | 23.73 [23.73〜23.76] | 50.12 [50.05〜50.15] | 23.73 [23.73〜23.76] | 50.12 [50.05〜50.15] |
| B2' | all | 0 | - | - | - | - |
| B2' | cpu | 0 | - | - | - | - |
| B3 | all | 3 | 2.49 [2.44〜2.51] | 3.54 [3.51〜3.90] | 2.48 [2.43〜2.51] | 3.53 [3.50〜3.90] |
| B4 | all | 3 | 1.72 [1.72〜1.72] | 3.72 [3.72〜3.73] | 1.72 [1.72〜1.72] | 3.72 [3.72〜3.73] |

## 事前登録の 4 組（e2e p50 の 3 回の幅が重ならないときだけ差がある）
- B2 と B3（全 300 問）：差がある（B3 が速い）
- B1 と B4（全 300 問）：保留（有効な回 B1=2，B4=3）
- B2 と B2'（全 300 問）：保留（有効な回 B2=3，B2'=0）
  - 参考（CPU の受信箱に限る）：保留（有効な回 B2=3，B2'=0）
- B1 と B1 flood_score（全 300 問）：保留（有効な回 B1=2，B1 flood_score=0）
